Texas Instruments X-Loader 1.4.4ss (Mar 26 2010 - 09:02:52)
Beagle Rev Ax/Bx
Reading boot sector
Loading u-boot.bin from mmc


U-Boot 2008.10 (Apr 23 2010 - 16:17:49)

OMAP3530-GP rev 2, CPU-OPP2 L3-165MHz
OMAP3 Beagle board + LPDDR/NAND
DRAM:  128 MB
NAND:  256 MiB
In:    serial
Out:   serial
Err:   serial
Hit any key to stop autoboot:  0 
reading uImage

3372456 bytes read
Booting from mmc ...
## Booting kernel from Legacy Image at 82000000 ...
   Image Name:   Angstrom/2.6.31/beagleboard
   Image Type:   ARM Linux Kernel Image (uncompressed)
   Data Size:    3372392 Bytes =  3.2 MB
   Load Address: 80008000
   Entry Point:  80008000
   Verifying Checksum ... OK
   Loading Kernel Image ... OK
OK

Starting kernel ...

Uncompressing Linux..........................................................................................................
[    0.000000] Linux version 2.6.31-omap1 (simon@simon-desktop) (gcc version 4.3.3 (GCC) ) #3 PREEMPT Mon Oct 18 06:42:05 CE0
[    0.000000] CPU: ARMv7 Processor [411fc082] revision 2 (ARMv7), cr=10c53c7f
[    0.000000] CPU: VIPT nonaliasing data cache, VIPT nonaliasing instruction cache
[    0.000000] Machine: OMAP3 Beagle Board
[    0.000000] Memory policy: ECC disabled, Data cache writeback
[    0.000000] OMAP3430 ES2.1
[    0.000000] SRAM: Mapped pa 0x40200000 to va 0xe3000000 size: 0x100000
[    0.000000] Reserving 12582912 bytes SDRAM for VRAM
[    0.000000] Built 1 zonelists in Zone order, mobility grouping on.  Total pages: 32512
[    0.000000] Kernel command line: console=ttyS2,115200n8 vram=12M omapfb.mode=dvi:1024x768MR-16@60 omapfb.debug=y omapdss.t
[    0.000000] PID hash table entries: 512 (order: 9, 2048 bytes)
[    0.000000] Dentry cache hash table entries: 16384 (order: 4, 65536 bytes)
[    0.000000] Inode-cache hash table entries: 8192 (order: 3, 32768 bytes)
[    0.000000] Memory: 128MB = 128MB total
[    0.000000] Memory: 110264KB available (6228K code, 620K data, 188K init, 0K highmem)
[    0.000000] NR_IRQS:402
[    0.000000] Clocking rate (Crystal/Core/MPU): 26.0/332/500 MHz
[    0.000000] Reprogramming SDRC clock to 332000000 Hz
[    0.000000] GPMC revision 5.0
[    0.000000] IRQ: Found an INTC at 0xd8200000 (revision 4.0) with 96 interrupts
[    0.000000] Total of 96 interrupts on 1 active controller
[    0.000000] OMAP34xx GPIO hardware version 2.5
[    0.000000] OMAP clockevent source: GPTIMER12 at 32768 Hz
[    0.000000] Console: colour dummy device 80x30
[    0.000000] Calibrating delay loop... 496.77 BogoMIPS (lpj=1937408)
[    0.000000] Mount-cache hash table entries: 512
[    0.000000] CPU: Testing write buffer coherency: ok
[    0.000000] regulator: core version 0.5
[    0.000000] NET: Registered protocol family 16
[    0.000000] Found NAND on CS0
[    0.000000] Registering NAND on CS0
[    0.000000] OMAP DMA hardware revision 4.0
[    0.000000] bio: create slab <bio-0> at 0
[    0.000000] i2c_omap i2c_omap.1: bus 1 rev3.12 at 2600 kHz
[    0.000000] twl4030: PIH (irq 7) chaining IRQs 368..375
[    0.000000] twl4030: power (irq 373) chaining IRQs 376..383
[    0.000000] twl4030: gpio (irq 368) chaining IRQs 384..401
[    0.000000] regulator: VMMC1: 1850 <--> 3150 mV normal standby
[    0.000000] regulator: VDAC: 1800 mV normal standby
[    0.000000] regulator: VUSB1V5: 1500 mV normal standby
[    0.000000] regulator: VUSB1V8: 1800 mV normal standby
[    0.000000] regulator: VUSB3V1: 3100 mV normal standby
[    0.000000] regulator: VPLL2: 1800 mV normal standby
[    0.000000] regulator: VSIM: 1800 <--> 3000 mV normal standby
[    0.000000] i2c_omap i2c_omap.2: bus 2 rev3.12 at 400 kHz
[    0.000000] i2c_omap i2c_omap.3: bus 3 rev3.12 at 100 kHz
[    0.000000] SCSI subsystem initialized
[    0.000000] twl4030_usb twl4030_usb: Initialized TWL4030 USB module
[    0.000000] usbcore: registered new interface driver usbfs
[    0.000000] usbcore: registered new interface driver hub
[    0.000000] usbcore: registered new device driver usb
[    0.000000] Bluetooth: Core ver 2.15
[    0.000000] NET: Registered protocol family 31
[    0.000000] Bluetooth: HCI device and connection manager initialized
[    0.000000] Bluetooth: HCI socket layer initialized
[    0.000000] cfg80211: Using static regulatory domain info
[    0.000000] cfg80211: Regulatory domain: US
[    0.000000]  (start_freq - end_freq @ bandwidth), (max_antenna_gain, max_eirp)
[    0.000000]  (2402000 KHz - 2472000 KHz @ 40000 KHz), (600 mBi, 2700 mBm)
[    0.000000]  (5170000 KHz - 5190000 KHz @ 40000 KHz), (600 mBi, 2300 mBm)
[    0.000000]  (5190000 KHz - 5210000 KHz @ 40000 KHz), (600 mBi, 2300 mBm)
[    0.000000]  (5210000 KHz - 5230000 KHz @ 40000 KHz), (600 mBi, 2300 mBm)
[    0.000000]  (5230000 KHz - 5330000 KHz @ 40000 KHz), (600 mBi, 2300 mBm)
[    0.000000]  (5735000 KHz - 5835000 KHz @ 40000 KHz), (600 mBi, 3000 mBm)
[    0.000000] cfg80211: Calling CRDA for country: US
[   12.267974] musb_hdrc: version 6.0, musb-dma, otg (peripheral+host), debug=0
[   12.271606] musb_hdrc: USB OTG mode controller at d80ab000 using DMA, IRQ 92
[   12.272491] NET: Registered protocol family 2
[   12.272735] IP route cache hash table entries: 1024 (order: 0, 4096 bytes)
[   12.273529] TCP established hash table entries: 4096 (order: 3, 32768 bytes)
[   12.273681] TCP bind hash table entries: 4096 (order: 2, 16384 bytes)
[   12.273773] TCP: Hash tables configured (established 4096 bind 4096)
[   12.273803] TCP reno registered
[   12.274108] NET: Registered protocol family 1
[   12.276885] VFS: Disk quotas dquot_6.5.2
[   12.277008] Dquot-cache hash table entries: 1024 (order 0, 4096 bytes)
[   12.278350] squashfs: version 4.0 (2009/01/31) Phillip Lougher
[   12.279174] JFFS2 version 2.2. (NAND) (SUMMARY)  © 2001-2006 Red Hat, Inc.
[   12.280242] msgmni has been set to 215
[   12.285522] alg: No test for stdrng (krng)
[   12.285858] Block layer SCSI generic (bsg) driver version 0.4 loaded (major 254)
[   12.285888] io scheduler noop registered
[   12.285919] io scheduler anticipatory registered
[   12.285919] io scheduler deadline registered
[   12.286102] io scheduler cfq registered (default)
[   12.343444] OMAP DSS rev 2.0
[   12.343536] OMAP DISPC rev 3.0
[   12.343627] OMAP VENC rev 2
[   12.343902] OMAP DSI rev 1.0
[   12.681915] Serial: 8250/16550 driver, 4 ports, IRQ sharing enabled
[   12.703247] serial8250.0: ttyS0 at MMIO 0x4806a000 (irq = 72) is a ST16654
[   12.723693] serial8250.1: ttyS1 at MMIO 0x4806c000 (irq = 73) is a ST16654
[   12.744110] serial8250.2: ttyS2 at MMIO 0x49020000 (irq = 74) is a ST16654
[   12.744171] console [ttyS2] enabled
[   13.267852] brd: module loaded
[   13.275238] loop: module loaded
[   13.278533] i2c /dev entries driver
[   13.283416] enc28j60 spi4.0: enc28j60 Ethernet driver 1.01 loaded
[   13.292266] enc28j60 spi4.0: enc28j60 chip not found
[   13.297332] enc28j60: probe of spi4.0 failed with error -5
[   13.303009] usbcore: registered new interface driver catc
[   13.308502] catc: v2.8:CATC EL1210A NetMate USB Ethernet driver
[   13.314575] usbcore: registered new interface driver kaweth
[   13.320251] pegasus: v0.6.14 (2006/09/27), Pegasus/Pegasus II USB Ethernet driver
[   13.327880] usbcore: registered new interface driver pegasus
[   13.333587] rtl8150: v0.6.2 (2004/08/27):rtl8150 based usb-ethernet driver
[   13.340637] usbcore: registered new interface driver rtl8150
[   13.346466] usbcore: registered new interface driver asix
[   13.352020] usbcore: registered new interface driver cdc_ether
[   13.357971] usbcore: registered new interface driver dm9601
[   13.363739] usbcore: registered new interface driver smsc95xx
[   13.369628] usbcore: registered new interface driver gl620a
[   13.375366] usbcore: registered new interface driver net1080
[   13.381134] usbcore: registered new interface driver plusb
[   13.386779] usbcore: registered new interface driver rndis_host
[   13.392883] usbcore: registered new interface driver cdc_subset
[   13.398956] usbcore: registered new interface driver zaurus
[   13.404632] usbcore: registered new interface driver MOSCHIP usb-ethernet driver
[   13.412261] Broadcom 43xx driver loaded [ Features: L, Firmware-ID: FW13 ]
[   13.419525] usbcore: registered new interface driver zd1211rw
[   13.425445] usbcore: registered new interface driver rtl8187
[   13.431304] usbcore: registered new interface driver rndis_wlan
[   13.437408] usbcore: registered new interface driver zd1201
[   13.443176] usbcore: registered new interface driver usb8xxx
[   13.449035] usbcore: registered new interface driver rt2500usb
[   13.455047] usbcore: registered new interface driver rt73usb
[   13.460876] usbcore: registered new interface driver p54usb
[   13.466857] omap2-nand driver initializing
[   13.471313] NAND device: Manufacturer ID: 0x2c, Chip ID: 0xba (Micron NAND 256MiB 1,8V 16-bit)
[   13.480529] cmdlinepart partition parsing not available
[   13.485870] Creating 5 MTD partitions on "omap2-nand":
[   13.491027] 0x000000000000-0x000000080000 : "X-Loader"
[   13.497528] 0x000000080000-0x000000260000 : "U-Boot"
[   13.504150] 0x000000260000-0x000000280000 : "U-Boot Env"
[   13.510375] 0x000000280000-0x000000680000 : "Kernel"
[   13.517822] 0x000000680000-0x000010000000 : "File System"
[   13.629333] ehci_hcd: USB 2.0 'Enhanced' Host Controller (EHCI) Driver
[   13.636352] ehci-omap ehci-omap.0: OMAP-EHCI Host Controller
[   13.642517] ehci-omap ehci-omap.0: new USB bus registered, assigned bus number 1
[   13.650360] ehci-omap ehci-omap.0: irq 77, io mem 0x48064800
[   13.671569] ehci-omap ehci-omap.0: USB 2.0 started, EHCI 1.00
[   13.677947] usb usb1: configuration #1 chosen from 1 choice
[   13.683868] hub 1-0:1.0: USB hub found
[   13.687774] hub 1-0:1.0: 3 ports detected
[   13.692504] Initializing USB Mass Storage driver...
[   13.697662] usbcore: registered new interface driver usb-storage
[   13.703765] USB Mass Storage support registered.
[   13.708740] mice: PS/2 mouse device common for all mice
[   13.714538] input: gpio-keys as /devices/platform/gpio-keys/input/input0
[   13.723175] OMAP Watchdog Timer Rev 0x31: initial timeout 60 sec
[   13.729400] Bluetooth: HCI UART driver ver 2.2
[   13.733856] Bluetooth: HCI H4 protocol initialized
[   13.738739] Bluetooth: HCI BCSP protocol initialized
[   13.743774] Bluetooth: HCILL protocol initialized
[   13.748504] Bluetooth: Broadcom Blutonium firmware driver ver 1.2
[   13.754791] usbcore: registered new interface driver bcm203x
[   13.760528] Bluetooth: Digianswer Bluetooth USB driver ver 0.10
[   13.766632] usbcore: registered new interface driver bpa10x
[   13.772247] Bluetooth: BlueFRITZ! USB driver ver 1.2
[   13.777374] usbcore: registered new interface driver bfusb
[   13.782958] Bluetooth: Generic Bluetooth USB driver ver 0.5
[   13.788757] usbcore: registered new interface driver btusb
[   13.794311] Bluetooth: Generic Bluetooth SDIO driver ver 0.1
[   13.800933] mmci-omap-hs mmci-omap-hs.0: Failed to get debounce clock
[   13.914001] mmci-omap-hs mmci-omap-hs.1: Failed to get debounce clock
[   13.921203] Registered led device: beagleboard::usr0
[   13.926391] Registered led device: beagleboard::usr1
[   13.932067] Registered led device: beagleboard::pmu_stat
[   13.939819] usbcore: registered new interface driver usbhid
[   13.945495] usbhid: v2.6:USB HID core driver
[   13.950469] Advanced Linux Sound Architecture Driver Version 1.0.20.
[   13.957366] usbcore: registered new interface driver snd-usb-audio
[   13.963836] No device for DAI twl4030
[   13.967529] No device for DAI twl4030 Voice
[   13.971771] No device for DAI omap-mcbsp-dai-0
[   13.976287] No device for DAI omap-mcbsp-dai-1
[   13.980773] No device for DAI omap-mcbsp-dai-2
[   13.985260] No device for DAI omap-mcbsp-dai-3
[   13.989746] No device for DAI omap-mcbsp-dai-4
[   13.994232] Not OMAP3 EVM!
[   13.996978] OMAP3 Beagle SoC init
[   14.000549] TWL4030 Audio Codec init 
[   14.005798] asoc: twl4030 <-> omap-mcbsp-dai-0 mapping ok
[   14.096893] ALSA device list:
[   14.099914]   #0: omap3beagle (twl4030)
[   14.103912] oprofile: using arm/armv7
[   14.107849] TCP cubic registered
[   14.111175] NET: Registered protocol family 17
[   14.115692] NET: Registered protocol family 15
[   14.120269] Bluetooth: L2CAP ver 2.13
[   14.123962] Bluetooth: L2CAP socket layer initialized
[   14.129089] Bluetooth: SCO (Voice Link) ver 0.6
[   14.133666] Bluetooth: SCO socket layer initialized
[   14.138824] Bluetooth: RFCOMM TTY layer initialized
[   14.143798] Bluetooth: RFCOMM socket layer initialized
[   14.149017] Bluetooth: RFCOMM ver 1.11
[   14.152801] Bluetooth: BNEP (Ethernet Emulation) ver 1.3
[   14.158172] Bluetooth: BNEP filters: protocol multicast
[   14.163421] Bluetooth: HIDP (Human Interface Emulation) ver 1.2
[   14.170471] RPC: Registered udp transport module.
[   14.175262] RPC: Registered tcp transport module.
[   14.180114] lib80211: common routines for IEEE802.11 drivers
[   14.185882] ThumbEE CPU extension supported.
[   14.190246] Power Management for TI OMAP3.
[   14.205047] VFP support v0.3: implementor 41 architecture 3 part 30 variant c rev 1
[   14.213592] registered taskstats version 1
[   14.219360] fbcvt: 1024x768@60: CVT Name - .786M3-R
[   14.249542] Console: switching to colour frame buffer device 128x48
[   14.272033] regulator_init_complete: incomplete constraints, leaving VDAC on
[   14.279663] Waiting for root device /dev/mmcblk0p2...
[   14.368164] mmc0: new high speed SDHC card at address 352a
[   14.374206] mmcblk0: mmc0:352a SD04G 3.69 GiB 
[   14.379089]  mmcblk0: p1 p2
[   17.758544] kjournald starting.  Commit interval 5 seconds
[   17.764129] EXT3-fs warning: maximal mount count reached, running e2fsck is recommended
[   18.014709] EXT3 FS on mmcblk0p2, internal journal
[   18.019592] EXT3-fs: recovery complete.
[   18.026428] EXT3-fs: mounted filesystem with writeback data mode.
[   18.032653] VFS: Mounted root (ext3 filesystem) on device 179:2.
[   18.038940] Freeing init memory: 188K
INIT: version 2.86 booting
Starting udev[   23.029541] uncorrectable error : 
[   23.032958] end_request: I/O error, dev mtdblock0, sector 0
[   23.038787] Buffer I/O error on device mtdblock0, logical block 0
[   23.045196] uncorrectable error : 
[   23.048492] end_request: I/O error, dev mtdblock0, sector 8
[   23.054290] Buffer I/O error on device mtdblock0, logical block 1
[   23.060760] end_request: I/O error, dev mtdblock0, sector 16
[   23.066467] Buffer I/O error on device mtdblock0, logical block 2
[   23.072784] uncorrectable error : 
[   23.076049] end_request: I/O error, dev mtdblock0, sector 24
[   23.081909] Buffer I/O error on device mtdblock0, logical block 3
[   23.088348] uncorrectable error : 
[   23.091613] end_request: I/O error, dev mtdblock0, sector 0
[   23.097412] Buffer I/O error on device mtdblock0, logical block 0
 and populating dev cache
Remounting root file system...
ALSA: Restoring mixer settings...
Configuring network interfaces... No state is present for card omap3beagle
/usr/sbin/alsactl: parse:1620: Unable to open file '/usr/share/alsa/init/00main': No such file or directory
No state is present for card omap3beagle
ifconfig: SIOCGIFFLAGS: No such device
ifconfig: SIOCGIFFLAGS: No such device
eth0      No such device

ifconfig: SIOCGIFFLAGS: No such device
done.
Starting portmap daemon: portmap.
net.ipv4.conf.default.rp_filter = 1                                                                  
net.ipv4.conf.all.rp_filter = 1                                                                      
hwclock: can't open '/dev/misc/rtc': No such file or directory                                       
Mon Apr 26 20:26:00 UTC 2010                                                                         
hwclock: can't open '/dev/misc/rtc': No such file or directory                                       
INIT: Entering runlevel: 5                                                                           
Starting Dropbear SSH server: dropbear.                                                              
Starting advanced power management daemon: No APM support in kernel                                  
(failed.)                                                                                            
Starting system message bus: dbus.                                                                   
Starting syslogd/klogd: done                                                                         
 * Starting Avahi mDNS/DNS-SD Daemon: avahi-daemon                                                   
[ ok ]                                                                                               
                                                                                                     
.-------.                                                                                            
|       |                  .-.                                                                       
|   |   |-----.-----.-----.| |   .----..-----.-----.                                                 
|       |     | __  |  ---'| '--.|  .-'|     |     |                                                 
|   |   |  |  |     |---  ||  --'|  |  |  '  | | | |                                                 
'---'---'--'--'--.  |-----''----''--'  '-----'-'-'-'                                                 
                -'  |                                                                                
                '---'                                                                                
                                                                                                     
The Angstrom Distribution beagleboard ttyS2                                                          
                                                                                                     
Angstrom 2009.X-stable beagleboard ttyS2                                                             
                                                                                                     
beagleboard login: root                                                                              
root@beagleboard:~#                                                                                  
root@beagleboard:~#                                                                                  
root@beagleboard:~#                                                                                  
root@beagleboard:~# rm streamingOutput.ko 
root@beagleboard:~# rz                                                                               
��root@beagleboard:~# **B0100000023be50
root@beagleboard:~# 
root@beagleboard:~# 
root@beagleboard:~# 
root@beagleboard:~# insmod streamingOutput.ko 
[ 2379.480743] Hello DMA-McBSP-send world!
[ 2379.485229] Setting IO type was 0. Requesting McBSP 1 returned: 0 
[ 2379.491455] Configured McBSP 1 registers for raw mode..
[ 2379.497436] This is a KERN_EMERG message. See http://www.xml.com/ldd/chapter/book/ch04.html for descriptions.
[ 2379.507812] This is a KERN_ALERT message. 
[ 2379.511932] This is a KERN_CRIT message. 
[ 2379.516510] This is a KERN_ERR message. 
[ 2379.520446] This is a KERN_WARNING message. 
[ 2379.525238] This is a KERN_NOTICE message. 
[ 2379.529449] This is a KERN_INFO message. 
[ 2379.534027] Started McBSP 1. 
[ 2379.536987] ### The McBSP base address is 0x48074000
[ 2379.542663] Now reading data from McBSP 1 in SPI mode... 
[ 2379.548431] Reading from McBSP 1 in SPI mode returned as status: 0 and as value: 0xffff 
[ 2379.556884] Now writing data to McBSP 1 in SPI mode... 
[ 2379.562500] Writing to McBSP 1 in SPI mode returned as status: 0 
[ 2379.568634] Now writing data to McBSP 1 (raw & polled)... 
[ 2379.574645] Writing to McBSP 1 (raw, polled mode) returned as status: 0 
[ 2379.581726] Now writing 2nd data to McBSP 1 (raw & polled)... 
[ 2379.587921] Writing to McBSP 1 (raw, polled mode) returned as status: 0 
[ 2379.594970] Now reading data from McBSP 1 (raw & polled)... 
[ 2379.600677] Reading from McBSP 1 (raw, polled mode) returned as status: 0 and as value 0xffff 
[ 2379.609863] Now writing data to McBSP 1 via DMA! 
[ 2379.614593] omap-mcbsp omap-mcbsp.1: Requested McBSP1 TX DMA channel 2
[ 2379.621704] omap-mcbsp omap-mcbsp.1: Requested McBSP1 TX DMA channel 3
[ 2379.628601] omap-mcbsp omap-mcbsp.1: Requested McBSP1 TX DMA channel 4
[ 2379.635498] .
[ 2379.636932] DMA Channel 2 has completed its transfer of buffer 1 with status 32!
[ 2379.644561] DMA Channel 3 has completed its transfer of buffer 2 with status 32!
[ 2379.652008] DMA Channel 4 has completed its transfer of buffer 3 with status 32!
[ 2379.659484] DMA Channel 2 has completed its transfer of buffer 1 with status 96!
[ 2379.666931] DMA Channel 3 has completed its transfer of buffer 2 with status 32!
[ 2379.674377] DMA Channel 4 has completed its transfer of buffer 3 with status 32!
[ 2379.681854] DMA Channel 2 has completed its transfer of buffer 1 with status 32!
[ 2379.689300] DMA Channel 3 has completed its transfer of buffer 2 with status 96!
[ 2379.696777] DMA Channel 2 has completed its transfer of buffer 1 with status 96!
[ 2379.704223] DMA Channel 3 has completed its transfer of buffer 2 with status 32!
[ 2379.711669] DMA Channel 4 has completed its transfer of buffer 3 with status 32!
[ 2379.719116] DMA Channel 2 has completed its transfer of buffer 1 with status 32!
[ 2379.726562] DMA Channel 3 has completed its transfer of buffer 2 with status 96!
[ 2379.734039] DMA Channel 2 has completed its transfer of buffer 1 with status 96!
[ 2379.741485] DMA Channel 3 has completed its transfer of buffer 2 with status 96!
[ 2379.748931] DMA Channel 4 has completed its transfer of buffer 3 with status 32!
[ 2379.756408] DMA Channel 2 has completed its transfer of buffer 1 with status 32!
[ 2379.763854] DMA Channel 3 has completed its transfer of buffer 2 with status 96!
[ 2379.771331] DMA Channel 2 has completed its transfer of buffer 1 with status 32!
[ 2379.778778] DMA Channel 3 has completed its transfer of buffer 2 with status 96!
[ 2379.786193] DMA Channel 4 has completed its transfer of buffer 3 with status 32!
[ 2379.793670] DMA Channel 2 has completed its transfer of buffer 1 with status 32!
[ 2379.801116] DMA Channel 3 has completed its transfer of buffer 2 with status 32!
[ 2379.808593] DMA Channel 2 has completed its transfer of buffer 1 with status 32!
[ 2379.816040] DMA Channel 3 has completed its transfer of buffer 2 with status 96!
[ 2379.823486] DMA Channel 4 has completed its transfer of buffer 3 with status 32!
[ 2379.830963] DMA Channel 2 has completed its transfer of buffer 1 with status 32!
[ 2379.838409] DMA Channel 3 has completed its transfer of buffer 2 with status 32!
[ 2379.845886] DMA Channel 2 has completed its transfer of buffer 1 with status 32!
[ 2379.853302] DMA Channel 3 has completed its transfer of buffer 2 with status 96!
[ 2379.860748] DMA Channel 4 has completed its transfer of buffer 3 with status 96!
[ 2379.868225] DMA Channel 2 has completed its transfer of buffer 1 with status 32!
[ 2379.875671] DMA Channel 3 has completed its transfer of buffer 2 with status 32!
[ 2379.883117] DMA Channel 4 has completed its transfer of buffer 3 with status 96!
[ 2379.890594] DMA Channel 2 has completed its transfer of buffer 1 with status 96!
[ 2379.898040] DMA Channel 3 has completed its transfer of buffer 2 with status 32!
[ 2379.905487] DMA Channel 4 has completed its transfer of buffer 3 with status 32!
[ 2379.912933] DMA Channel 2 has completed its transfer of buffer 1 with status 96!
[ 2379.920379] DMA Channel 3 has completed its transfer of buffer 2 with status 96!
[ 2379.927825] DMA Channel 4 has completed its transfer of buffer 3 with status 32!
[ 2379.935302] DMA Channel 2 has completed its transfer of buffer 1 with status 32!
[ 2379.942749] DMA Channel 3 has completed its transfer of buffer 2 with status 96!
[ 2379.950225] DMA Channel 2 has completed its transfer of buffer 1 with status 32!
[ 2379.957672] DMA Channel 3 has completed its transfer of buffer 2 with status 96!
[ 2379.965118] DMA Channel 4 has completed its transfer of buffer 3 with status 32!
[ 2379.972595] DMA Channel 2 has completed its transfer of buffer 1 with status 32!
[ 2379.980041] DMA Channel 3 has completed its transfer of buffer 2 with status 32!
[ 2379.987518] DMA Channel 2 has completed its transfer of buffer 1 with status 32!
[ 2379.994964] DMA Channel 3 has completed its transfer of buffer 2 with status 96!
[ 2380.002410] DMA Channel 4 has completed its transfer of buffer 3 with status 32!
[ 2380.009887] DMA Channel 2 has completed its transfer of buffer 1 with status 32!
[ 2380.017333] DMA Channel 3 has completed its transfer of buffer 2 with status 32!
[ 2380.024810] DMA Channel 2 has completed its transfer of buffer 1 with status 32!
[ 2380.032226] DMA Channel 3 has completed its transfer of buffer 2 with status 32!
[ 2380.039672] DMA Channel 4 has completed its transfer of buffer 3 with status 96!
[ 2380.047149] DMA Channel 2 has completed its transfer of buffer 1 with status 32!
[ 2380.054595] DMA Channel 3 has completed its transfer of buffer 2 with status 32!
[ 2380.062042] DMA Channel 4 has completed its transfer of buffer 3 with status 32!
[ 2380.069519] DMA Channel 2 has completed its transfer of buffer 1 with status 96!
[ 2380.076965] DMA Channel 3 has completed its transfer of buffer 2 with status 32!
[ 2380.084411] DMA Channel 4 has completed its transfer of buffer 3 with status 32!
[ 2380.091888] DMA Channel 2 has completed its transfer of buffer 1 with status 32!
[ 2380.099304] DMA Channel 3 has completed its transfer of buffer 2 with status 96!
[ 2380.106781] DMA Channel 2 has completed its transfer of buffer 1 with status 96!
[ 2380.114227] DMA Channel 3 has completed its transfer of buffer 2 with status 32!
[ 2380.121673] DMA Channel 4 has completed its transfer of buffer 3 with status 32!
[ 2380.129150] DMA Channel 2 has completed its transfer of buffer 1 with status 32!
[ 2380.136596] DMA Channel 3 has completed its transfer of buffer 2 with status 96!
[ 2380.144073] DMA Channel 2 has completed its transfer of buffer 1 with status 96!
[ 2380.151519] DMA Channel 3 has completed its transfer of buffer 2 with status 96!
[ 2380.158966] DMA Channel 4 has completed its transfer of buffer 3 with status 32!
[ 2380.166442] DMA Channel 2 has completed its transfer of buffer 1 with status 32!
[ 2380.173889] DMA Channel 3 has completed its transfer of buffer 2 with status 96!
[ 2380.181335] DMA Channel 2 has completed its transfer of buffer 1 with status 32!
[ 2380.188781] DMA Channel 3 has completed its transfer of buffer 2 with status 96!
[ 2380.196228] DMA Channel 4 has completed its transfer of buffer 3 with status 32!
[ 2380.203704] DMA Channel 2 has completed its transfer of buffer 1 with status 32!
[ 2380.211151] DMA Channel 3 has completed its transfer of buffer 2 with status 32!
[ 2380.218627] DMA Channel 2 has completed its transfer of buffer 1 with status 32!
[ 2380.226074] DMA Channel 3 has completed its transfer of buffer 2 with status 96!
[ 2380.233520] DMA Channel 4 has completed its transfer of buffer 3 with status 32!
[ 2380.240997] DMA Channel 2 has completed its transfer of buffer 1 with status 32!
[ 2380.248413] DMA Channel 3 has completed its transfer of buffer 2 with status 32!
[ 2380.255889] DMA Channel 2 has completed its transfer of buffer 1 with status 32!
[ 2380.263336] DMA Channel 3 has completed its transfer of buffer 2 with status 96!
[ 2380.270782] DMA Channel 4 has completed its transfer of buffer 3 with status 96!

