Texas Instruments X-Loader 1.4.4ss (Mar 26 2010 - 09:02:52)
Beagle Rev Ax/Bx
Reading boot sector
Loading u-boot.bin from mmc


U-Boot 2008.10 (Apr 23 2010 - 16:17:49)

OMAP3530-GP rev 2, CPU-OPP2 L3-165MHz
OMAP3 Beagle board + LPDDR/NAND
DRAM:  128 MB
NAND:  256 MiB
In:    serial
Out:   serial
Err:   serial
Hit any key to stop autoboot:  0 
reading uImage

3372460 bytes read
Booting from mmc ...
## Booting kernel from Legacy Image at 82000000 ...
   Image Name:   Angstrom/2.6.31/beagleboard
   Image Type:   ARM Linux Kernel Image (uncompressed)
   Data Size:    3372396 Bytes =  3.2 MB
   Load Address: 80008000
   Entry Point:  80008000
   Verifying Checksum ... OK
   Loading Kernel Image ... OK
OK

Starting kernel ...

Uncompressing Linux..........................................................................................................................................
[    0.000000] Linux version 2.6.31-omap1 (simon@alpha7) (gcc version 4.3.3 (GCC) ) #7 PREEMPT Wed Sep 29 11:34:02 CEST 2010
[    0.000000] CPU: ARMv7 Processor [411fc082] revision 2 (ARMv7), cr=10c53c7f
[    0.000000] CPU: VIPT nonaliasing data cache, VIPT nonaliasing instruction cache
[    0.000000] Machine: OMAP3 Beagle Board
[    0.000000] Memory policy: ECC disabled, Data cache writeback
[    0.000000] OMAP3430 ES2.1
[    0.000000] SRAM: Mapped pa 0x40200000 to va 0xe3000000 size: 0x100000
[    0.000000] Reserving 12582912 bytes SDRAM for VRAM
[    0.000000] Built 1 zonelists in Zone order, mobility grouping on.  Total pages: 32512
[    0.000000] Kernel command line: console=ttyS2,115200n8 vram=12M omapfb.mode=dvi:1024x768MR-16@60 omapfb.debug=y omapdss.def_disp=dvi root=/dev/mmcblk0p2t
[    0.000000] PID hash table entries: 512 (order: 9, 2048 bytes)
[    0.000000] Dentry cache hash table entries: 16384 (order: 4, 65536 bytes)
[    0.000000] Inode-cache hash table entries: 8192 (order: 3, 32768 bytes)
[    0.000000] Memory: 128MB = 128MB total
[    0.000000] Memory: 110264KB available (6228K code, 620K data, 188K init, 0K highmem)
[    0.000000] NR_IRQS:402
[    0.000000] Clocking rate (Crystal/Core/MPU): 26.0/332/500 MHz
[    0.000000] Reprogramming SDRC clock to 332000000 Hz
[    0.000000] GPMC revision 5.0
[    0.000000] IRQ: Found an INTC at 0xd8200000 (revision 4.0) with 96 interrupts
[    0.000000] Total of 96 interrupts on 1 active controller
[    0.000000] OMAP34xx GPIO hardware version 2.5
[    0.000000] OMAP clockevent source: GPTIMER12 at 32768 Hz
[    0.000000] Console: colour dummy device 80x30
[    0.000000] Calibrating delay loop... 492.62 BogoMIPS (lpj=1925120)
[    0.000000] Mount-cache hash table entries: 512
[    0.000000] CPU: Testing write buffer coherency: ok
[    0.000000] regulator: core version 0.5
[    0.000000] NET: Registered protocol family 16
[    0.000000] Found NAND on CS0
[    0.000000] Registering NAND on CS0
[    0.000000] OMAP DMA hardware revision 4.0
[    0.000000] bio: create slab <bio-0> at 0
[    0.000000] i2c_omap i2c_omap.1: bus 1 rev3.12 at 2600 kHz
[    0.000000] twl4030: PIH (irq 7) chaining IRQs 368..375
[    0.000000] twl4030: power (irq 373) chaining IRQs 376..383
[    0.000000] twl4030: gpio (irq 368) chaining IRQs 384..401
[    0.000000] regulator: VMMC1: 1850 <--> 3150 mV normal standby
[    0.000000] regulator: VDAC: 1800 mV normal standby
[    0.000000] regulator: VUSB1V5: 1500 mV normal standby
[    0.000000] regulator: VUSB1V8: 1800 mV normal standby
[    0.000000] regulator: VUSB3V1: 3100 mV normal standby
[    0.000000] regulator: VPLL2: 1800 mV normal standby
[    0.000000] regulator: VSIM: 1800 <--> 3000 mV normal standby
[    0.000000] i2c_omap i2c_omap.2: bus 2 rev3.12 at 400 kHz
[    0.000000] i2c_omap i2c_omap.3: bus 3 rev3.12 at 100 kHz
[    0.000000] SCSI subsystem initialized
[    0.000000] twl4030_usb twl4030_usb: Initialized TWL4030 USB module
[    0.000000] usbcore: registered new interface driver usbfs
[    0.000000] usbcore: registered new interface driver hub
[    0.000000] usbcore: registered new device driver usb
[    0.000000] Bluetooth: Core ver 2.15
[    0.000000] NET: Registered protocol family 31
[    0.000000] Bluetooth: HCI device and connection manager initialized
[    0.000000] Bluetooth: HCI socket layer initialized
[    0.000000] cfg80211: Using static regulatory domain info
[    0.000000] cfg80211: Regulatory domain: US
[    0.000000]  (start_freq - end_freq @ bandwidth), (max_antenna_gain, max_eirp)
[    0.000000]  (2402000 KHz - 2472000 KHz @ 40000 KHz), (600 mBi, 2700 mBm)
[    0.000000]  (5170000 KHz - 5190000 KHz @ 40000 KHz), (600 mBi, 2300 mBm)
[    0.000000]  (5190000 KHz - 5210000 KHz @ 40000 KHz), (600 mBi, 2300 mBm)
[    0.000000]  (5210000 KHz - 5230000 KHz @ 40000 KHz), (600 mBi, 2300 mBm)
[    0.000000]  (5230000 KHz - 5330000 KHz @ 40000 KHz), (600 mBi, 2300 mBm)
[    0.000000]  (5735000 KHz - 5835000 KHz @ 40000 KHz), (600 mBi, 3000 mBm)
[    0.000000] cfg80211: Calling CRDA for country: US
[   12.930603] musb_hdrc: version 6.0, musb-dma, otg (peripheral+host), debug=0
[   12.934143] musb_hdrc: USB OTG mode controller at d80ab000 using DMA, IRQ 92
[   12.935028] NET: Registered protocol family 2
[   12.935302] IP route cache hash table entries: 1024 (order: 0, 4096 bytes)
[   12.936096] TCP established hash table entries: 4096 (order: 3, 32768 bytes)
[   12.936218] TCP bind hash table entries: 4096 (order: 2, 16384 bytes)
[   12.936309] TCP: Hash tables configured (established 4096 bind 4096)
[   12.936340] TCP reno registered
[   12.936645] NET: Registered protocol family 1
[   12.939453] VFS: Disk quotas dquot_6.5.2
[   12.939575] Dquot-cache hash table entries: 1024 (order 0, 4096 bytes)
[   12.940917] squashfs: version 4.0 (2009/01/31) Phillip Lougher
[   12.941741] JFFS2 version 2.2. (NAND) (SUMMARY)  �� 2001-2006 Red Hat, Inc.
[   12.942810] msgmni has been set to 215
[   12.948089] alg: No test for stdrng (krng)
[   12.948455] Block layer SCSI generic (bsg) driver version 0.4 loaded (major 254)
[   12.948486] io scheduler noop registered
[   12.948486] io scheduler anticipatory registered
[   12.948516] io scheduler deadline registered
[   12.948699] io scheduler cfq registered (default)
[   13.006042] OMAP DSS rev 2.0
[   13.006134] OMAP DISPC rev 3.0
[   13.006195] OMAP VENC rev 2
[   13.006500] OMAP DSI rev 1.0
[   13.344573] Serial: 8250/16550 driver, 4 ports, IRQ sharing enabled
[   13.365753] serial8250.0: ttyS0 at MMIO 0x4806a000 (irq = 72) is a ST16654
[   13.386108] serial8250.1: ttyS1 at MMIO 0x4806c000 (irq = 73) is a ST16654
[   13.406402] serial8250.2: ttyS2 at MMIO 0x49020000 (irq = 74) is a ST16654
[   13.406433] console [ttyS2] enabled
[   13.929290] brd: module loaded
[   13.936553] loop: module loaded
[   13.939849] i2c /dev entries driver
[   13.944702] enc28j60 spi4.0: enc28j60 Ethernet driver 1.01 loaded
[   13.953552] enc28j60 spi4.0: enc28j60 chip not found
[   13.958587] enc28j60: probe of spi4.0 failed with error -5
[   13.964324] usbcore: registered new interface driver catc
[   13.969818] catc: v2.8:CATC EL1210A NetMate USB Ethernet driver
[   13.975891] usbcore: registered new interface driver kaweth
[   13.981506] pegasus: v0.6.14 (2006/09/27), Pegasus/Pegasus II USB Ethernet driver
[   13.989135] usbcore: registered new interface driver pegasus
[   13.994873] rtl8150: v0.6.2 (2004/08/27):rtl8150 based usb-ethernet driver
[   14.001922] usbcore: registered new interface driver rtl8150
[   14.007751] usbcore: registered new interface driver asix
[   14.013244] usbcore: registered new interface driver cdc_ether
[   14.019256] usbcore: registered new interface driver dm9601
[   14.025024] usbcore: registered new interface driver smsc95xx
[   14.030914] usbcore: registered new interface driver gl620a
[   14.036590] usbcore: registered new interface driver net1080
[   14.042419] usbcore: registered new interface driver plusb
[   14.048065] usbcore: registered new interface driver rndis_host
[   14.054138] usbcore: registered new interface driver cdc_subset
[   14.060180] usbcore: registered new interface driver zaurus
[   14.065917] usbcore: registered new interface driver MOSCHIP usb-ethernet driver
[   14.073516] Broadcom 43xx driver loaded [ Features: L, Firmware-ID: FW13 ]
[   14.080780] usbcore: registered new interface driver zd1211rw
[   14.086730] usbcore: registered new interface driver rtl8187
[   14.092590] usbcore: registered new interface driver rndis_wlan
[   14.098632] usbcore: registered new interface driver zd1201
[   14.104431] usbcore: registered new interface driver usb8xxx
[   14.110290] usbcore: registered new interface driver rt2500usb
[   14.116333] usbcore: registered new interface driver rt73usb
[   14.122100] usbcore: registered new interface driver p54usb
[   14.128112] omap2-nand driver initializing
[   14.132568] NAND device: Manufacturer ID: 0x2c, Chip ID: 0xba (Micron NAND 256MiB 1,8V 16-bit)
[   14.141784] cmdlinepart partition parsing not available
[   14.147125] Creating 5 MTD partitions on "omap2-nand":
[   14.152282] 0x000000000000-0x000000080000 : "X-Loader"
[   14.158813] 0x000000080000-0x000000260000 : "U-Boot"
[   14.165435] 0x000000260000-0x000000280000 : "U-Boot Env"
[   14.171630] 0x000000280000-0x000000680000 : "Kernel"
[   14.179107] 0x000000680000-0x000010000000 : "File System"
[   14.289855] ehci_hcd: USB 2.0 'Enhanced' Host Controller (EHCI) Driver
[   14.296875] ehci-omap ehci-omap.0: OMAP-EHCI Host Controller
[   14.303039] ehci-omap ehci-omap.0: new USB bus registered, assigned bus number 1
[   14.310913] ehci-omap ehci-omap.0: irq 77, io mem 0x48064800
[   14.326354] ehci-omap ehci-omap.0: USB 2.0 started, EHCI 1.00
[   14.332733] usb usb1: configuration #1 chosen from 1 choice
[   14.338653] hub 1-0:1.0: USB hub found
[   14.342559] hub 1-0:1.0: 3 ports detected
[   14.347290] Initializing USB Mass Storage driver...
[   14.352447] usbcore: registered new interface driver usb-storage
[   14.358551] USB Mass Storage support registered.
[   14.363525] mice: PS/2 mouse device common for all mice
[   14.369323] input: gpio-keys as /devices/platform/gpio-keys/input/input0
[   14.377929] OMAP Watchdog Timer Rev 0x31: initial timeout 60 sec
[   14.384124] Bluetooth: HCI UART driver ver 2.2
[   14.388610] Bluetooth: HCI H4 protocol initialized
[   14.393493] Bluetooth: HCI BCSP protocol initialized
[   14.398529] Bluetooth: HCILL protocol initialized
[   14.403259] Bluetooth: Broadcom Blutonium firmware driver ver 1.2
[   14.409545] usbcore: registered new interface driver bcm203x
[   14.415283] Bluetooth: Digianswer Bluetooth USB driver ver 0.10
[   14.421386] usbcore: registered new interface driver bpa10x
[   14.427001] Bluetooth: BlueFRITZ! USB driver ver 1.2
[   14.432128] usbcore: registered new interface driver bfusb
[   14.437713] Bluetooth: Generic Bluetooth USB driver ver 0.5
[   14.443450] usbcore: registered new interface driver btusb
[   14.449035] Bluetooth: Generic Bluetooth SDIO driver ver 0.1
[   14.455688] mmci-omap-hs mmci-omap-hs.0: Failed to get debounce clock
[   14.568817] mmci-omap-hs mmci-omap-hs.1: Failed to get debounce clock
[   14.575958] Registered led device: beagleboard::usr0
[   14.581176] Registered led device: beagleboard::usr1
[   14.586822] Registered led device: beagleboard::pmu_stat
[   14.594573] usbcore: registered new interface driver usbhid
[   14.600250] usbhid: v2.6:USB HID core driver
[   14.605194] Advanced Linux Sound Architecture Driver Version 1.0.20.
[   14.612091] usbcore: registered new interface driver snd-usb-audio
[   14.618560] No device for DAI twl4030
[   14.622253] No device for DAI twl4030 Voice
[   14.626495] No device for DAI omap-mcbsp-dai-0
[   14.630981] No device for DAI omap-mcbsp-dai-1
[   14.635498] No device for DAI omap-mcbsp-dai-2
[   14.639984] No device for DAI omap-mcbsp-dai-3
[   14.644470] No device for DAI omap-mcbsp-dai-4
[   14.648956] Not OMAP3 EVM!
[   14.651702] OMAP3 Beagle SoC init
[   14.655273] TWL4030 Audio Codec init 
[   14.660522] asoc: twl4030 <-> omap-mcbsp-dai-0 mapping ok
[   14.740447] ALSA device list:
[   14.743469]   #0: omap3beagle (twl4030)
[   14.747436] oprofile: using arm/armv7
[   14.751403] TCP cubic registered
[   14.754669] NET: Registered protocol family 17
[   14.759216] NET: Registered protocol family 15
[   14.763763] Bluetooth: L2CAP ver 2.13
[   14.767486] Bluetooth: L2CAP socket layer initialized
[   14.772613] Bluetooth: SCO (Voice Link) ver 0.6
[   14.777191] Bluetooth: SCO socket layer initialized
[   14.782379] Bluetooth: RFCOMM TTY layer initialized
[   14.787353] Bluetooth: RFCOMM socket layer initialized
[   14.792510] Bluetooth: RFCOMM ver 1.11
[   14.796325] Bluetooth: BNEP (Ethernet Emulation) ver 1.3
[   14.801666] Bluetooth: BNEP filters: protocol multicast
[   14.806976] Bluetooth: HIDP (Human Interface Emulation) ver 1.2
[   14.814025] RPC: Registered udp transport module.
[   14.818817] RPC: Registered tcp transport module.
[   14.823608] lib80211: common routines for IEEE802.11 drivers
[   14.829437] ThumbEE CPU extension supported.
[   14.833740] Power Management for TI OMAP3.
[   14.848266] VFP support v0.3: implementor 41 architecture 3 part 30 variant c rev 1
[   14.856842] registered taskstats version 1
[   14.862579] fbcvt: 1024x768@60: CVT Name - .786M3-R
[   14.892822] Console: switching to colour frame buffer device 128x48
[   14.915252] regulator_init_complete: incomplete constraints, leaving VDAC on
[   14.922882] Waiting for root device /dev/mmcblk0p2...
[   15.045196] mmc0: new high speed SDHC card at address 352a
[   15.051239] mmcblk0: mmc0:352a SD04G 3.69 GiB 
[   15.056091]  mmcblk0: p1 p2
[   15.153259] kjournald starting.  Commit interval 5 seconds
[   15.158874] EXT3-fs warning: maximal mount count reached, running e2fsck is recommended
[   15.419219] EXT3 FS on mmcblk0p2, internal journal
[   15.424102] EXT3-fs: mounted filesystem with writeback data mode.
[   15.430328] VFS: Mounted root (ext3 filesystem) on device 179:2.
[   15.436584] Freeing init memory: 188K
INIT: version 2.86 booting
Starting udev[   20.885986] uncorrectable error : 
[   20.889404] end_request: I/O error, dev mtdblock0, sector 0
[   20.895202] Buffer I/O error on device mtdblock0, logical block 0
[   20.970153] uncorrectable error : 
[   20.973449] end_request: I/O error, dev mtdblock0, sector 8
[   20.979248] Buffer I/O error on device mtdblock0, logical block 1
[   21.046661] end_request: I/O error, dev mtdblock0, sector 16
[   21.052368] Buffer I/O error on device mtdblock0, logical block 2
[   21.084960] uncorrectable error : 
[   21.088378] end_request: I/O error, dev mtdblock0, sector 24
[   21.094268] Buffer I/O error on device mtdblock0, logical block 3
[   21.134002] uncorrectable error : 
[   21.137268] end_request: I/O error, dev mtdblock0, sector 0
[   21.143096] Buffer I/O error on device mtdblock0, logical block 0
 and populating dev cache
Remounting root file system...
ALSA: Restoring mixer settings...
Configuring network interfaces... No state is present for card omap3beagle
/usr/sbin/alsactl: parse:1620: Unable to open file '/usr/share/alsa/init/00main': No such file or directory
No state is present for card omap3beagle
ifconfig: SIOCGIFFLAGS: No such device
ifconfig: SIOCGIFFLAGS: No such device
eth0      No such device

ifconfig: SIOCGIFFLAGS: No such device
done.
Starting portmap daemon: portmap.
net.ipv4.conf.default.rp_filter = 1
net.ipv4.conf.all.rp_filter = 1
hwclock: can't open '/dev/misc/rtc': No such file or directory
Mon Apr 26 17:35:00 UTC 2010
hwclock: can't open '/dev/misc/rtc': No such file or directory
INIT: Entering runlevel: 5
Starting Dropbear SSH server: dropbear.
Starting advanced power management daemon: No APM support in kernel
(failed.)
Starting system message bus: dbus.
Starting syslogd/klogd: done
 * Starting Avahi mDNS/DNS-SD Daemon: avahi-daemon
[ ok ]

.-------.                                           
|       |                  .-.                      
|   |   |-----.-----.-----.| |   .----..-----.-----.
|       |     | __  |  ---'| '--.|  .-'|     |     |
|   |   |  |  |     |---  ||  --'|  |  |  '  | | | |
'---'---'--'--'--.  |-----''----''--'  '-----'-'-'-'
                -'  |
                '---'

The Angstrom Distribution beagleboard ttyS2

Angstrom 2009.X-stable beagleboard ttyS2

beagleboard login: root
root@beagleboard:~# 
root@beagleboard:~# 
root@beagleboard:~# cat setDebug.sh 
echo 8 4 0 8 > /proc/sys/kernel/printk
syslogd -O /var/log/messages
root@beagleboard:~# 
root@beagleboard:~# 
root@beagleboard:~# ./setDebug.sh 
root@beagleboard:~# 
root@beagleboard:~# insmod helloMcBSP.ko 
[ 7916.667633] Hello McBSP world!
[ 7916.671325] Gpio 134 (ADS1258EVM-clockselect) was requested. Return status: 0
[ 7916.679168] Setting gpio134 (ADS1258EVM-clockselect) as output, value 1=EXTERNAL clock from BB. Return status: 0
[ 7916.689819] Setting IO type was 0. Requesting McBSP 1 returned: 0 
[ 7916.696411] Configured McBSP 1 registers for raw mode..
[ 7916.702117] This is a KERN_EMERG message. See http://www.xml.com/ldd/chapter/book/ch04.html for descriptions.
[ 7916.712463] This is a KERN_ALERT message. 
[ 7916.716583] This is a KERN_CRIT message. 
[ 7916.721099] This is a KERN_ERR message. 
[ 7916.725372] This is a KERN_WARNING message. 
[ 7916.729675] This is a KERN_NOTICE message. 
[ 7916.734405] This is a KERN_INFO message. 
[ 7916.738433] This is a KERN_DEBUG message. 
[ 7916.743041] Started McBSP 1. 
[ 7916.746032] Now reading data from McBSP 1 in SPI mode... 
[ 7916.751983] Reading from McBSP 1 in SPI mode returned as status: 0 and as value: 0x006e 
[ 7916.760437] Now writing data to McBSP 1 in SPI mode... 
[ 7916.766021] Writing to McBSP 1 in SPI mode returned as status: 0 
[ 7916.772491] Now writing data to McBSP 1 (raw & polled)... 
[ 7916.778015] Writing to McBSP 1 (raw, polled mode) returned as status: 0 
[ 7916.785278] Now writing 2nd data to McBSP 1 (raw & polled)... 
[ 7916.791473] Writing to McBSP 1 (raw, polled mode) returned as status: 0 
[ 7916.798522] Now reading data from McBSP 1 (raw & polled)... 
[ 7916.804565] Reading from McBSP 1 (raw, polled mode) returned as status: 0 and as value 0x6e 
[ 7916.813385] Now writing data to McBSP 1 via DMA! 
[ 7916.818115] omap-mcbsp omap-mcbsp.1: McBSP1 TX DMA on channel 2
[ 7917.420104] Wrote to McBSP 1 via DMA! Return status: 0 
[ 7917.425384] The first 40 of 896 values of the transferbuffer bufbuf after transmission are: 
[ 7917.434478] trans: 
[ 7917.434478]  0x53c3c3ca, 0x5c3c3c3a, 0x5e7e7e7a, 0x5e7e7e7a, 0x5e7e7e7a, 0x5e7e7e7a, 0x5e7e7e7a, 0x5e7e7e7a, 0x5e7e7e7a, 0x5e7e7e7a, 0x5e7e7e7a, 0x5e7e7e 
[ 7917.455627]     0x5e7e7e7a, 0x5e7e7e7a, 0x5e7e7e7a, 0x5e7e7e7a, 0x5e7e7e7a, 0x5e7e7e7a, 0x5e7e7e7a, 0x5e7e7e7a, 0x5e7e7e7a, 0x5e7e7e7a, 0x5e7e7e7a, 0x5e7 
[ 7917.474731]  end. 
[ 7917.477081] Now reading data from McBSP 1 via DMA! 
[ 7917.481994] omap-mcbsp omap-mcbsp.1: McBSP1 RX DMA on channel 2
[ 7918.084716] Read from McBSP 1 via DMA! Return status: 0 
[ 7918.090057] The first millions of 896 values of the transferbuffer bufbuf after reception are: 
[ 7918.099426] receive: 
[ 7918.099426]  0x890000f9, 0x8a000084, 0x8b000092, 0x8c000090, 0x8d000080, 0x8e000095, 0x8f000055, 0x90000059, 0x91000047, 0x92000032, 0x93000075, 0x940000 
[ 7918.120697]     0x890000b5, 0x8a000083, 0x8b00007f, 0x8c000063, 0x8d000074, 0x8e00007d, 0x8f000065, 0x9000004e, 0x9100003b, 0x92000030, 0x9300006a, 0x940 
[ 7918.139739]     0x890000ee, 0x8a00009c, 0x8b0000be, 0x8c000081, 0x8d000093, 0x8e000089, 0x8f00006f, 0x90000041, 0x91000038, 0x9200004e, 0x93000064, 0x940 
[ 7918.158813]     0x8900011a, 0x8a0000ba, 0x8b0000b6, 0x8c0000a8, 0x8d00009b, 0x8e00006f, 0x8f000074, 0x9000003a, 0x91000031, 0x92000036, 0x9300008f, 0x940 
[ 7918.177856]     0x890000dd, 0x8a00009d, 0x8b0000a0, 0x8c00007f, 0x8d000099, 0x8e00006d, 0x8f00007f, 0x9000001a, 0x91000046, 0x9200001c, 0x93000072, 0x940 
[ 7918.196929]     0x890000cd, 0x8a0000aa, 0x8b00009b, 0x8c000073, 0x8d00006c, 0x8e000088, 0x8f00007f, 0x90000043, 0x91000059, 0x92000039, 0x93000090, 0x940 
[ 7918.215972]     0x8900011c, 0x8a0000af, 0x8b0000df, 0x8c00008c, 0x8d0000b8, 0x8e00008b, 0x8f000071, 0x9000003e, 0x9100002b, 0x92000048, 0x93000066, 0x940 
[ 7918.235046]     0x890000ef, 0x8a0000af, 0x8b0000a4, 0x8c000086, 0x8d00008a, 0x8e000075, 0x8f00006f, 0x9000002c, 0x9100003b, 0x92000048, 0x9300003b, 0x940 
[ 7918.254089]     0x8a000085, 0x8b000084, 0x8c000076, 0x8d000068, 0x8e000067, 0x8f00005b, 0x9000002f, 0x9100004c, 0x9200001e, 0x9300006b, 0x95000099, 0x960 
[ 7918.273132]     0x8b0000b1, 0x8c00009a, 0x8d000064, 0x8e000099, 0x8f000075, 0x9000003b, 0x9100004e, 0x9200003a, 0x9300008c, 0x94000030, 0x9500008c, 0x960 
[ 7918.292205]     0x8b0000ae, 0x8c000092, 0x8d00008e, 0x8e000072, 0x8f000096, 0x9000001b, 0x9100004d, 0x9200002f, 0x93000074, 0x9400004f, 0x950000a2, 0x960 
[ 7918.311248]     0x8b000062, 0x8c000076, 0x8d0000a1, 0x8e000060, 0x8f000048, 0x90000044, 0x91000039, 0x9200003e, 0x93000073, 0x94000042, 0x95000082, 0x960 
[ 7918.330291]     0x8b000095, 0x8c00007f, 0x8d000088, 0x8e000061, 0x8f000052, 0x90000029, 0x91000052, 0x92000055, 0x9300007b, 0x94000048, 0x9500008d, 0x960 
[ 7918.349334]     0x8b0000bd, 0x8c000087, 0x8d000089, 0x8e00007c, 0x8f000076, 0x90000036, 0x91000038, 0x92000015, 0x93000063, 0x94000037, 0x95000087, 0x960 
[ 7918.368438]     0x8b0000a1, 0x8c00007f, 0x8d000083, 0x8e000082, 0x8f000052, 0x9000002f, 0x9100004d, 0x92000043, 0x93000062, 0x9400005b, 0x950000a1, 0x960 
[ 7918.387481]     0x8b00009a, 0x8c000070, 0x8d000063, 0x8e000052, 0x8f000056, 0x90000037, 0x91000023, 0x92000041, 0x9300007e, 0x94000048, 0x95000087, 0x960 
[ 7918.406524]     0x8b0000af, 0x8c000090, 0x8d00009a, 0x8e000079, 0x8f00006c, 0x9000003c, 0x91000038, 0x9200002c, 0x93000075, 0x94000047, 0x95000080, 0x960 
[ 7918.425598]     0x8b00009e, 0x8c000070, 0x8d0000a7, 0x8e000091, 0x8f00005c, 0x9000003d, 0x91000025, 0x9200002c, 0x93000068, 0x9400003b, 0x95000075, 0x960 
[ 7918.444641]     0x8b00007c, 0x8c000082, 0x8d00007f, 0x8e00007d, 0x8f00005c, 0x9000003b, 0x91000025, 0x92000050, 0x9300005a, 0x9400003d, 0x9500007f, 0x960 
[ 7918.463684]     0x8b00009f, 0x8c00008a, 0x8d000095, 0x8e00007b, 0x8f00006c, 0x90000045, 0x91000029, 0x92000047, 0x93000079, 0x94000032, 0x9500007e, 0x960 
[ 7918.482788]     0x8b0000b2, 0x8c000079, 0x8d000097, 0x8e0000b3, 0x8f00006d, 0x90000039, 0x9100002b, 0x9200004a, 0x93000057, 0x9400003b, 0x95000077, 0x960 
[ 7918.501831]     0x8b0000a2, 0x8c00007b, 0x8d000079, 0x8e000068, 0x8f000062, 0x90000018, 0x91000041, 0x92000047, 0x9300007b, 0x94000029, 0x9500009c, 0x960 
[ 7918.520904]     0x8b0000a4, 0x8c000055, 0x8d00007f, 0x8e000077, 0x8f00008b, 0x90000011, 0x91000031, 0x92000021, 0x93000071, 0x9400002d, 0x95000086, 0x960 
[ 7918.539947]     0x8b0000ce, 0x8c000083, 0x8d000077, 0x8e00007c, 0x8f00007e, 0x90000028, 0x91000030, 0x9200001b, 0x93000079, 0x94000045, 0x95000064, 0x960 
[ 7918.559020]     0x8b0000b2, 0x8c00008f, 0x8d0000b1, 0x8e000088, 0x8f00006d, 0x9000002e, 0x91000028, 0x92000038, 0x93000061, 0x9400004a, 0x95000086, 0x960 
[ 7918.578063]     0x8b000077, 0x8c00006b, 0x8d00009b, 0x8e00007b, 0x8f00005d, 0x9000002e, 0x91000059, 0x92000048, 0x93000051, 0x94000046, 0x95000088, 0x960 
[ 7918.597106]     0x8b000087, 0x8c000081, 0x8d000072, 0x8e000080, 0x8f000081, 0x90000049, 0x91000025, 0x92000047, 0x93000072, 0x94000046, 0x9500006c, 0x960 
[ 7918.616180]     0x8b0000f0, 0x8c000079, 0x8d000066, 0x8e000072, 0x8f000069, 0x90000032, 0x91000053, 0x9200002e, 0x93000050, 0x94000043, 0x95000075, 0x960 
[ 7918.635223]     0x8b000090, 0x8c00007d, 0x8d00007b, 0x8e00007a, 0x8f000065, 0x9000004e, 0x91000059, 0x9200002d, 0x9300007a, 0x94000034, 0x9500007d, 0x960 
[ 7918.654296]     0x8b00009e, 0x8c000076, 0x8d00007c, 0x8e000058, 0x8f000049, 0x9000004c, 0x91000024, 0x92000055, 0x93000068, 0x94000000, 0x9500006d, 0x960 
[ 7918.673339]     0x8b0000ad, 0x8c0000a6, 0x8d00009b, 0x8e000094, 0x8f000065, 0x9000004b, 0x91000020, 0x92000047, 0x93000070, 0x9400003d, 0x9500009c, 0x960 
[ 7918.692657]     0x8b0000c8, 0x8c000095, 0x8d000087, 0x8e000074, 0x8f00007a, 0x90000021, 0x9100004a, 0x92000046, 0x93000044, 0x94000044, 0x95000096, 0x960 
[ 7918.711761]     0x8b0000a6, 0x8c000067, 0x8d000050, 0x8e00006c, 0x8f00006c, 0x90000020, 0x9100001b, 0x9200003b, 0x9300007a, 0x94000043, 0x9500008c, 0x960 
[ 7918.730804]     0x8b00008e, 0x8c000075, 0x8d000085, 0x8e000067, 0x8f00008c, 0x9000001d, 0x91000018, 0x92000049, 0x93000066, 0x94000030, 0x95000044, 0x960 
[ 7918.749877]     0x8b0000b4, 0x8c000095, 0x8d0000bb, 0x8e000050, 0x8f000086, 0x9000001c, 0x91000032, 0x9200003f, 0x93000051, 0x9400001f, 0x95000079, 0x960 
[ 7918.768951]     0x8b0000a0, 0x8c00008d, 0x8d00008a, 0x8e000064, 0x8f00006c, 0x90000056, 0x91000036, 0x9200001b, 0x93000065, 0x9400003d, 0x95000076, 0x960 
[ 7918.787994]     0x8b000085, 0x8c00008d, 0x8d000084, 0x8e00006b, 0x8f00008b, 0x90000037, 0x9100004f, 0x92000045, 0x93000059, 0x9400005a, 0x95000073, 0x960 
[ 7918.807067]     0x8b00009f, 0x8c0000a0, 0x8d00009a, 0x8e000089, 0x8f00007c, 0x90000021, 0x91000019, 0x9200003f, 0x93000081, 0x9400003a, 0x95000087, 0x960 
[ 7918.826110]     0x8b0000b4, 0x8c00008c, 0x8d000091, 0x8e000072, 0x8f000073, 0x9000002c, 0x91000035, 0x92000045, 0x9300005a, 0x94000047, 0x95000076, 0x960 
[ 7918.845153]     0x8b00007e, 0x8c000080, 0x8d00007c, 0x8e00006d, 0x8f00006f, 0x90000016, 0x91000054, 0x9200003c, 0x93000091, 0x94000031, 0x95000080, 0x960 
[ 7918.864227]     0x8b0000a9, 0x8c00007e, 0x8d000080, 0x8e000078, 0x8f00006a, 0x9000002a, 0x91000041, 0x92000036, 0x9300007a, 0x94000021, 0x9500008d, 0x960 
[ 7918.883270]     0x8b0000cb, 0x8c00007b, 0x8d0000b1, 0x8e00005a, 0x8f000096, 0x90000036, 0x91000040, 0x92000047, 0x93000071, 0x9400002c, 0x95000073, 0x960 
[ 7918.902313]     0x8b0000a3, 0x8c00007e, 0x8d000074, 0x8e000069, 0x8f000070, 0x90000035, 0x9100002c, 0x92000043, 0x93000084, 0x94000027, 0x95000080, 0x960 
[ 7918.921386]     0x8b00009b, 0x8c000078, 0x8d000067, 0x8e000060, 0x8f000036, 0x9000002e, 0x91000055, 0x92000047, 0x9300005f, 0x94000046, 0x95000094, 0x960 
[ 7918.940429]     0x8b00009f, 0x8c0000b4, 0x8d000077, 0x8e00008f, 0x8f000065, 0x9000002f, 0x9100001e, 0x92000018, 0x93000073, 0x94000031, 0x95000098, 0x960 
[ 7918.959472]     0x8b0000ab, 0x8c00009d, 0x8d000083, 0x8e000083, 0x8f00006c, 0x90000044, 0x91000044, 0x9200003f, 0x93000077, 0x94000042, 0x9500008b, 0x960 
[ 7918.978546]     0x8b0000a5, 0x8c00007e, 0x8d00008a, 0x8e00006c, 0x8f000067, 0x9000004c, 0x9100004b, 0x92000047, 0x9300006b, 0x94000048, 0x95000092, 0x960 
[ 7918.997589]     0x8b0000b3, 0x8c00005f, 0x8d000067, 0x8e000081, 0x8f000082, 0x90000023, 0x9100003e, 0x92000038, 0x9300006b, 0x94000052, 0x95000098, 0x960 
[ 7919.016662]     0x8b0000bc, 0x8c000084, 0x8d00008f, 0x8e00008d, 0x8f000075, 0x90000042, 0x9100001b, 0x92000028, 0x9300008b, 0x94000054, 0x95000073, 0x960 
[ 7919.035705]     0x8b000095, 0x8c00007e, 0x8d00007e, 0x8e000082, 0x8f000069, 0x9000001d, 0x91000033, 0x9200004f, 0x93000066, 0x94000043, 0x95000076, 0x960 
[ 7919.054779]     0x8b00008c, 0x8c00008b, 0x8d00007d, 0x8e000080, 0x8f000087, 0x90000036, 0x91000037, 0x92000042, 0x93000091, 0x94000063, 0x95000084, 0x960 
[ 7919.073822]     0x8b0000a1, 0x8c000081, 0x8d000083, 0x8e000078, 0x8f000087, 0x90000037, 0x91000039, 0x9200003c, 0x9300005d, 0x9400002a, 0x95000075, 0x960 
[ 7919.092864]     0x8b0000bd, 0x8c000088, 0x8d00008e, 0x8e000084, 0x8f00005e, 0x9000002c, 0x91000032, 0x92000041, 0x93000076, 0x9400003b, 0x95000094, 0x960 
[ 7919.111907]     0x8b0000b1, 0x8c00005d, 0x8d00006d, 0x8e000064, 0x8f00006b, 0x90fffffe, 0x91000035, 0x9200004f, 0x93000067, 0x94000063, 0x95000070, 0x960 
[ 7919.130981]     0x8b000095, 0x8c000068, 0x8d00007a, 0x8e000081, 0x8f00006f, 0x90000033, 0x9100001f, 0x92000038, 0x93000070, 0x94000053, 0x95000097, 0x960 
[ 7919.150024]     0x8b0000ae, 0x8c000072, 0x8d0000b1, 0x8e00007b, 0x8f00006a, 0x90000041, 0x9100002c, 0x92000048, 0x93000071, 0x94000041, 0x95000075, 0x960 
[ 7919.169006]  end. 
root@beagleboard:~# 
root@beagleboard:~# 
root@beagleboard:~# rmmod helloMcBSP.ko 
[ 7928.986755] Stopping McBSP 1...
[ 7928.989776] Freeing McBSP 1...
[ 7928.993469] done.
[ 7928.995605] Goodbye, McBSP world
root@beagleboard:~# 
root@beagleboard:~# 

